// Jest Snapshot v1, https://goo.gl/fbAQLP

exports[`Detail Component tests suit Should match snapshot 1`] = `
Object {
  "asFragment": [Function],
  "baseElement": <body>
    <div>
      <div
        class="sc-jSgupP iaInnZ"
      >
        <div
          class="sc-gKsewC cbsqwP"
        >
          <iframe
            class="sc-bdfBwQ gTSScc"
            src="https://www.youtube-nocookie.com/embed/undefined"
          />
          <button
            class="sc-eCssSg hDweQF"
          >
            Add to Favorites
          </button>
          <h2
            class="sc-fubCfw hORWeU"
          />
          <h4
            class="sc-pFZIQ jZnnif"
          />
        </div>
        <div
          class="sc-iBPRYJ jHiIsc"
        />
      </div>
    </div>
  </body>,
  "container": <div>
    <div
      class="sc-jSgupP iaInnZ"
    >
      <div
        class="sc-gKsewC cbsqwP"
      >
        <iframe
          class="sc-bdfBwQ gTSScc"
          src="https://www.youtube-nocookie.com/embed/undefined"
        />
        <button
          class="sc-eCssSg hDweQF"
        >
          Add to Favorites
        </button>
        <h2
          class="sc-fubCfw hORWeU"
        />
        <h4
          class="sc-pFZIQ jZnnif"
        />
      </div>
      <div
        class="sc-iBPRYJ jHiIsc"
      />
    </div>
  </div>,
  "debug": [Function],
  "findAllByAltText": [Function],
  "findAllByDisplayValue": [Function],
  "findAllByLabelText": [Function],
  "findAllByPlaceholderText": [Function],
  "findAllByRole": [Function],
  "findAllByTestId": [Function],
  "findAllByText": [Function],
  "findAllByTitle": [Function],
  "findByAltText": [Function],
  "findByDisplayValue": [Function],
  "findByLabelText": [Function],
  "findByPlaceholderText": [Function],
  "findByRole": [Function],
  "findByTestId": [Function],
  "findByText": [Function],
  "findByTitle": [Function],
  "getAllByAltText": [Function],
  "getAllByDisplayValue": [Function],
  "getAllByLabelText": [Function],
  "getAllByPlaceholderText": [Function],
  "getAllByRole": [Function],
  "getAllByTestId": [Function],
  "getAllByText": [Function],
  "getAllByTitle": [Function],
  "getByAltText": [Function],
  "getByDisplayValue": [Function],
  "getByLabelText": [Function],
  "getByPlaceholderText": [Function],
  "getByRole": [Function],
  "getByTestId": [Function],
  "getByText": [Function],
  "getByTitle": [Function],
  "queryAllByAltText": [Function],
  "queryAllByDisplayValue": [Function],
  "queryAllByLabelText": [Function],
  "queryAllByPlaceholderText": [Function],
  "queryAllByRole": [Function],
  "queryAllByTestId": [Function],
  "queryAllByText": [Function],
  "queryAllByTitle": [Function],
  "queryByAltText": [Function],
  "queryByDisplayValue": [Function],
  "queryByLabelText": [Function],
  "queryByPlaceholderText": [Function],
  "queryByRole": [Function],
  "queryByTestId": [Function],
  "queryByText": [Function],
  "queryByTitle": [Function],
  "rerender": [Function],
  "unmount": [Function],
}
`;
