// Jest Snapshot v1, https://goo.gl/fbAQLP

exports[`App Component tests suit Should match snapshot 1`] = `
Object {
  "asFragment": [Function],
  "baseElement": <body>
    <div>
      <header
        class="sc-idOhPF enrezt"
      >
        <div
          class="sc-hHftDr fjyVqu"
        >
          <div
            class="sc-kEjbxe dHxCwD"
          >
            <div
              class="sc-iqHYGH cOCNrb"
            />
            <div
              class="sc-iqHYGH cOCNrb"
            />
            <div
              class="sc-iqHYGH cOCNrb"
            />
          </div>
          <input
            class="sc-kstrdz cZxlvy"
            placeholder="Wizeline"
          />
        </div>
        <div
          class="sc-dIUggk kOwbcQ"
        >
          <label
            class="sc-hBEYos iufiwT"
          >
            <input
              class="sc-fodVxV leZTiF"
              type="checkbox"
              value="false"
            />
            <div
              class="sc-fFubgz eQvTUS"
            />
            <span
              class="sc-bkzZxe drHitx"
            >
              Dark mode
            </span>
          </label>
          <a
            class="sc-pFZIQ clLSRs"
            href="/login"
          >
            <svg
              aria-hidden="true"
              focusable="false"
              viewBox="0 0 24 24"
            >
              <path
                d="M12 12c2.21 0 4-1.79 4-4s-1.79-4-4-4-4 1.79-4 4 1.79 4 4 4zm0 2c-2.67 0-8 1.34-8 4v2h16v-2c0-2.66-5.33-4-8-4z"
              />
            </svg>
          </a>
        </div>
      </header>
      <div
        class="sc-bYEvPH EmZQK"
      >
        <h1
          class="sc-fubCfw gyQTdR"
        >
          Welcome to my challenges!!!
        </h1>
        <div
          class="sc-iBPRYJ cWUbzV"
        >
          <div
            class="sc-bdfBwQ bttSXB"
          >
            <div
              class="sc-gsTCUz"
            >
              <img
                alt="Wizeline Co."
                class="sc-gKsewC cFFDOc"
                src="http://wizeline.com"
              />
              <div
                class="sc-dlfnbm ilKvLc"
              >
                <h1
                  class="sc-hKgILt dVnqlC"
                >
                  Wizeline Co.
                </h1>
                <p
                  class="sc-eCssSg byBHyx"
                >
                  Awesome Company
                </p>
              </div>
              <a
                class="sc-jSgupP clLjnz"
                href="/detail/123"
              >
                View More
              </a>
            </div>
          </div>
        </div>
      </div>
    </div>
  </body>,
  "container": <div>
    <header
      class="sc-idOhPF enrezt"
    >
      <div
        class="sc-hHftDr fjyVqu"
      >
        <div
          class="sc-kEjbxe dHxCwD"
        >
          <div
            class="sc-iqHYGH cOCNrb"
          />
          <div
            class="sc-iqHYGH cOCNrb"
          />
          <div
            class="sc-iqHYGH cOCNrb"
          />
        </div>
        <input
          class="sc-kstrdz cZxlvy"
          placeholder="Wizeline"
        />
      </div>
      <div
        class="sc-dIUggk kOwbcQ"
      >
        <label
          class="sc-hBEYos iufiwT"
        >
          <input
            class="sc-fodVxV leZTiF"
            type="checkbox"
            value="false"
          />
          <div
            class="sc-fFubgz eQvTUS"
          />
          <span
            class="sc-bkzZxe drHitx"
          >
            Dark mode
          </span>
        </label>
        <a
          class="sc-pFZIQ clLSRs"
          href="/login"
        >
          <svg
            aria-hidden="true"
            focusable="false"
            viewBox="0 0 24 24"
          >
            <path
              d="M12 12c2.21 0 4-1.79 4-4s-1.79-4-4-4-4 1.79-4 4 1.79 4 4 4zm0 2c-2.67 0-8 1.34-8 4v2h16v-2c0-2.66-5.33-4-8-4z"
            />
          </svg>
        </a>
      </div>
    </header>
    <div
      class="sc-bYEvPH EmZQK"
    >
      <h1
        class="sc-fubCfw gyQTdR"
      >
        Welcome to my challenges!!!
      </h1>
      <div
        class="sc-iBPRYJ cWUbzV"
      >
        <div
          class="sc-bdfBwQ bttSXB"
        >
          <div
            class="sc-gsTCUz"
          >
            <img
              alt="Wizeline Co."
              class="sc-gKsewC cFFDOc"
              src="http://wizeline.com"
            />
            <div
              class="sc-dlfnbm ilKvLc"
            >
              <h1
                class="sc-hKgILt dVnqlC"
              >
                Wizeline Co.
              </h1>
              <p
                class="sc-eCssSg byBHyx"
              >
                Awesome Company
              </p>
            </div>
            <a
              class="sc-jSgupP clLjnz"
              href="/detail/123"
            >
              View More
            </a>
          </div>
        </div>
      </div>
    </div>
  </div>,
  "debug": [Function],
  "findAllByAltText": [Function],
  "findAllByDisplayValue": [Function],
  "findAllByLabelText": [Function],
  "findAllByPlaceholderText": [Function],
  "findAllByRole": [Function],
  "findAllByTestId": [Function],
  "findAllByText": [Function],
  "findAllByTitle": [Function],
  "findByAltText": [Function],
  "findByDisplayValue": [Function],
  "findByLabelText": [Function],
  "findByPlaceholderText": [Function],
  "findByRole": [Function],
  "findByTestId": [Function],
  "findByText": [Function],
  "findByTitle": [Function],
  "getAllByAltText": [Function],
  "getAllByDisplayValue": [Function],
  "getAllByLabelText": [Function],
  "getAllByPlaceholderText": [Function],
  "getAllByRole": [Function],
  "getAllByTestId": [Function],
  "getAllByText": [Function],
  "getAllByTitle": [Function],
  "getByAltText": [Function],
  "getByDisplayValue": [Function],
  "getByLabelText": [Function],
  "getByPlaceholderText": [Function],
  "getByRole": [Function],
  "getByTestId": [Function],
  "getByText": [Function],
  "getByTitle": [Function],
  "queryAllByAltText": [Function],
  "queryAllByDisplayValue": [Function],
  "queryAllByLabelText": [Function],
  "queryAllByPlaceholderText": [Function],
  "queryAllByRole": [Function],
  "queryAllByTestId": [Function],
  "queryAllByText": [Function],
  "queryAllByTitle": [Function],
  "queryByAltText": [Function],
  "queryByDisplayValue": [Function],
  "queryByLabelText": [Function],
  "queryByPlaceholderText": [Function],
  "queryByRole": [Function],
  "queryByTestId": [Function],
  "queryByText": [Function],
  "queryByTitle": [Function],
  "rerender": [Function],
  "unmount": [Function],
}
`;
